[map]
size=24x25
description=12 Waves + Bonus Wave
background=backtex.jpg
dc1=dc1.png
dc2=dc2.png
dc3=dc3.png
dc4=dc4.png
maxplayer=1
lives0=10
lives1=5
lives2=0
type=0
waves=13

[data]
row0=222222222222222222222222
row1=222222222222222222222222
row2=111112222221111111111222
row3=111112222221111111111222
row4=111112222221111111111222
row5=221112222221112222111222
row6=221112222221112222111222
row7=221112222221112222111222
row8=221112222221112222111222
row9=221112222221112222111222
row10=221112222221112222111222
row11=221112222221112222111222
row12=221112222221112222111222
row13=221111111111111111111222
row14=221111111111111111111222
row15=221111111111111111111222
row16=222222222221112222222222
row17=222222222221112222222222
row18=222222222221112222222222
row19=222222222221112222222222
row20=222222222221111111111111
row21=222222222221111111111111
row22=222222222221111111111111
row23=222222222222222222222222
row24=222222222222222222222222

[waypoint0]
count=8
pos0=0x3
pos1=3x3
pos2=3x14
pos3=19x14
pos4=19x3
pos5=12x3
pos6=12x21
pos7=23x21

[placements]
count=0

[buyables]
count=5
filename0=Yellow.geb
count0=0
wave0=0
filename1=Green.geb
count1=0
wave1=1
filename2=Red.geb
count2=0
wave2=2
filename3=Blue.geb
count3=0
wave3=3
filename4=Slowtower2.geb
count4=0
wave4=4

[wave0]
cashonstart=25
opponents=1
hint=
opponent_filename0=Ge1.opp
opponent_count0=10
opponent_refund0=1
unitsperspawn0=1
spawndelay0=5000
spawndelta0=1000

[wave1]
cashonstart=15
opponents=2
hint=
opponent_filename0=Ge4.opp
opponent_count0=1
opponent_refund0=2
unitsperspawn0=1
spawndelay0=4000
spawndelta0=1030
opponent_filename1=Ge1.opp
opponent_count1=1
opponent_refund1=1
unitsperspawn1=1
spawndelay1=4000
spawndelta1=1030

[wave2]
cashonstart=15
opponents=3
hint=
opponent_filename0=R2.opp
opponent_count0=1
opponent_refund0=2
unitsperspawn0=1
spawndelay0=5000
spawndelta0=1030
opponent_filename1=Ge3.opp
opponent_count1=1
opponent_refund1=2
unitsperspawn1=1
spawndelay1=5000
spawndelta1=1030
opponent_filename2=Ge2.opp
opponent_count2=4
opponent_refund2=1
unitsperspawn2=1
spawndelay2=4000
spawndelta2=1030

[wave3]
cashonstart=15
opponents=3
hint=
opponent_filename0=Ge5.opp
opponent_count0=1
opponent_refund0=1
unitsperspawn0=1
spawndelay0=4000
spawndelta0=1030
opponent_filename1=Ge2.opp
opponent_count1=4
opponent_refund1=1
unitsperspawn1=1
spawndelay1=5000
spawndelta1=1030
opponent_filename2=Ge1.opp
opponent_count2=2
opponent_refund2=1
unitsperspawn2=1
spawndelay2=5000
spawndelta2=1030

[wave4]
cashonstart=15
opponents=2
hint=
opponent_filename0=B1.opp
opponent_count0=3
opponent_refund0=1
unitsperspawn0=1
spawndelay0=4000
spawndelta0=1020
opponent_filename1=Ge3.opp
opponent_count1=2
opponent_refund1=1
unitsperspawn1=1
spawndelay1=4000
spawndelta1=1020

[wave5]
cashonstart=50
opponents=1
hint=
opponent_filename0=Gr1.opp
opponent_count0=9
opponent_refund0=1
unitsperspawn0=1
spawndelay0=3000
spawndelta0=1030

[wave6]
cashonstart=30
opponents=4
hint=
opponent_filename0=Ge5.opp
opponent_count0=1
opponent_refund0=2
unitsperspawn0=1
spawndelay0=4000
spawndelta0=1030
opponent_filename1=Ge1.opp
opponent_count1=6
opponent_refund1=2
unitsperspawn1=2
spawndelay1=4000
spawndelta1=1060
opponent_filename2=Gr2.opp
opponent_count2=1
opponent_refund2=2
unitsperspawn2=1
spawndelay2=3000
spawndelta2=1030
opponent_filename3=Ge2.opp
opponent_count3=2
opponent_refund3=2
unitsperspawn3=1
spawndelay3=3000
spawndelta3=1030

[wave7]
cashonstart=45
opponents=5
hint=
opponent_filename0=Gr2.opp
opponent_count0=2
opponent_refund0=1
unitsperspawn0=1
spawndelay0=4000
spawndelta0=1020
opponent_filename1=Ge5.opp
opponent_count1=2
opponent_refund1=1
unitsperspawn1=1
spawndelay1=4000
spawndelta1=1020
opponent_filename2=B1.opp
opponent_count2=10
opponent_refund2=1
unitsperspawn2=2
spawndelay2=4000
spawndelta2=1040
opponent_filename3=R1.opp
opponent_count3=2
opponent_refund3=1
unitsperspawn3=1
spawndelay3=3000
spawndelta3=1020
opponent_filename4=Ge1.opp
opponent_count4=1
opponent_refund4=1
unitsperspawn4=1
spawndelay4=4000
spawndelta4=1020

[wave8]
cashonstart=55
opponents=2
hint=
opponent_filename0=Ge5.opp
opponent_count0=3
opponent_refund0=1
unitsperspawn0=1
spawndelay0=5000
spawndelta0=1030
opponent_filename1=Gr1.opp
opponent_count1=10
opponent_refund1=1
unitsperspawn1=1
spawndelay1=3000
spawndelta1=1030

[wave9]
cashonstart=45
opponents=5
hint=
opponent_filename0=B1.opp
opponent_count0=14
opponent_refund0=1
unitsperspawn0=7
spawndelay0=5000
spawndelta0=5000
opponent_filename1=Ge3.opp
opponent_count1=10
opponent_refund1=1
unitsperspawn1=1
spawndelay1=3000
spawndelta1=1030
opponent_filename2=B2.opp
opponent_count2=6
opponent_refund2=1
unitsperspawn2=2
spawndelay2=5000
spawndelta2=2030
opponent_filename3=Ge1.opp
opponent_count3=6
opponent_refund3=1
unitsperspawn3=1
spawndelay3=3000
spawndelta3=1030
opponent_filename4=Ge2.opp
opponent_count4=1
opponent_refund4=2
unitsperspawn4=1
spawndelay4=5000
spawndelta4=1030

[wave10]
cashonstart=15
opponents=4
hint=
opponent_filename0=Gr2.opp
opponent_count0=4
opponent_refund0=2
unitsperspawn0=1
spawndelay0=5000
spawndelta0=1030
opponent_filename1=R2.opp
opponent_count1=3
opponent_refund1=1
unitsperspawn1=1
spawndelay1=3000
spawndelta1=1030
opponent_filename2=Ge1.opp
opponent_count2=28
opponent_refund2=1
unitsperspawn2=2
spawndelay2=3000
spawndelta2=1060
opponent_filename3=B3.opp
opponent_count3=2
opponent_refund3=1
unitsperspawn3=1
spawndelay3=4000
spawndelta3=1030

[wave11]
cashonstart=50
opponents=3
hint=
opponent_filename0=Ge5.opp
opponent_count0=2
opponent_refund0=2
unitsperspawn0=1
spawndelay0=4000
spawndelta0=1030
opponent_filename1=R2.opp
opponent_count1=10
opponent_refund1=1
unitsperspawn1=1
spawndelay1=3000
spawndelta1=1030
opponent_filename2=B1.opp
opponent_count2=2
opponent_refund2=2
unitsperspawn2=1
spawndelay2=5000
spawndelta2=1030

[wave12]
cashonstart=5000
opponents=4
hint=Bonus Wave
opponent_filename0=R3.opp
opponent_count0=20
opponent_refund0=2
unitsperspawn0=10
spawndelay0=25000
spawndelta0=1030
opponent_filename1=Ge2.opp
opponent_count1=49
opponent_refund1=1
unitsperspawn1=7
spawndelay1=5000
spawndelta1=1210
opponent_filename2=Gr1.opp
opponent_count2=14
opponent_refund2=1
unitsperspawn2=2
spawndelay2=3000
spawndelta2=1030
opponent_filename3=Ge1.opp
opponent_count3=30
opponent_refund3=2
unitsperspawn3=10
spawndelay3=5000
spawndelta3=1030

[HighScore]
PlayerCats=1
PlayerCat0=1
PlayerCat0Count=1
PlayerCat0_0Name=Corpsman
PlayerCat0_0Time=2022.01.18 18:10:54
PlayerCat0_0Points=13304
PlayerCat0_0Duration=620
PlayerCat0_0Rounds=13
PlayerCat0_0Difficulty=1
PlayerCat0_0LivesLost=1
Hash=859505894

[Rating]
Count=1
Sum=5
