[map]
size=42x38
description=25 Waves
background=Background.png
dc1=dc1.png
dc2=dc2.png
dc3=dc3.png
dc4=dc4.png
maxplayer=1
lives0=25
lives1=10
lives2=1
type=0
waves=25

[data]
row0=222222222222222222222222222222222222222222
row1=222222222222222222222222222222222222222222
row2=221111111111112222221111111111222211111111
row3=221111111111112222221111111111222211111111
row4=221111111111112222221111111111222211111111
row5=221112222221112222221112222111222211122222
row6=221112222221112222221112222111222211122222
row7=221112222221112222221112222111222211122222
row8=221112222221111111111112222111111111122222
row9=221112222221111111111112222111111111122222
row10=221112222221111111111112222111111111122222
row11=221112222222222222222222222222222222222222
row12=221112222222222222222222222222222222222222
row13=221111111112222222222222222222222222222222
row14=221111111112222222222222222222222222222222
row15=221111111112222222222222222222222222222222
row16=222222221112222222222222222222222222222222
row17=222222221112222222222222222222222222222222
row18=222222221112222222222222222222222222222222
row19=222222221112222222222222222222222222222222
row20=222222221112222222222222222222222222222222
row21=222222221112222222222222222222222222222222
row22=221111111112222222222222222222222222222222
row23=221111111112222222222222222222222222222222
row24=221111111112222222222222222222222222222222
row25=221112222222222222222222222222222222222222
row26=221112222222222222222222222222222222222222
row27=221112222221111111111112222111111111122222
row28=221112222221111111111112222111111111122222
row29=221112222221111111111112222111111111122222
row30=221112222221112222221112222111222211122222
row31=221112222221112222221112222111222211122222
row32=221112222221112222221112222111222211122222
row33=221111111111112222221111111111222211111111
row34=221111111111112222221111111111222211111111
row35=221111111111112222221111111111222211111111
row36=222222222222222222222222222222222222222222
row37=222222222222222222222222222222222222222222

[waypoint0]
count=24
pos0=40x3
pos1=35x3
pos2=35x9
pos3=28x9
pos4=28x3
pos5=21x3
pos6=21x9
pos7=12x9
pos8=12x3
pos9=3x3
pos10=3x14
pos11=9x14
pos12=9x23
pos13=3x23
pos14=3x34
pos15=12x34
pos16=12x28
pos17=21x28
pos18=21x34
pos19=28x34
pos20=28x28
pos21=35x28
pos22=35x34
pos23=41x34

[placements]
count=0

[buyables]
count=5
filename0=C_Y_Yellow.geb
count0=0
wave0=0
kind0=building
filename1=C_G_Green.geb
count1=0
wave1=1
kind1=building
filename2=C_R_Red.geb
count2=0
wave2=2
kind2=building
filename3=C_B_Blue.geb
count3=0
wave3=3
kind3=building
filename4=C_S_Splashtower2.geb
count4=0
wave4=4
kind4=building

[wave0]
cashonstart=20
opponents=1
hint=
opponent_filename0=C_Y_Ge2.opp
opponent_count0=25
opponent_refund0=2
unitsperspawn0=1
spawndelay0=2500
spawndelta0=1000

[wave1]
cashonstart=25
opponents=2
hint=
opponent_filename0=C_G_Gr1.opp
opponent_count0=25
opponent_refund0=4
unitsperspawn0=1
spawndelay0=2500
spawndelta0=1000
opponent_filename1=C_Y_Ge2.opp
opponent_count1=25
opponent_refund1=2
unitsperspawn1=1
spawndelay1=100
spawndelta1=1000

[wave2]
cashonstart=60
opponents=3
hint=
opponent_filename0=C_R_R1.opp
opponent_count0=15
opponent_refund0=5
unitsperspawn0=1
spawndelay0=2500
spawndelta0=1000
opponent_filename1=C_G_Gr1.opp
opponent_count1=25
opponent_refund1=4
unitsperspawn1=1
spawndelay1=1000
spawndelta1=1000
opponent_filename2=C_Y_Ge3.opp
opponent_count2=4
opponent_refund2=10
unitsperspawn2=1
spawndelay2=5000
spawndelta2=1000

[wave3]
cashonstart=0
opponents=4
hint=
opponent_filename0=C_B_B1.opp
opponent_count0=25
opponent_refund0=3
unitsperspawn0=1
spawndelay0=2500
spawndelta0=1000
opponent_filename1=C_Y_Ge3.opp
opponent_count1=10
opponent_refund1=5
unitsperspawn1=1
spawndelay1=1000
spawndelta1=1000
opponent_filename2=C_G_Gr2.opp
opponent_count2=10
opponent_refund2=5
unitsperspawn2=1
spawndelay2=4000
spawndelta2=1000
opponent_filename3=C_R_R1.opp
opponent_count3=25
opponent_refund3=4
unitsperspawn3=1
spawndelay3=6000
spawndelta3=1000

[wave4]
cashonstart=0
opponents=3
hint=
opponent_filename0=C_R_R2.opp
opponent_count0=1
opponent_refund0=20
unitsperspawn0=1
spawndelay0=3000
spawndelta0=1030
opponent_filename1=C_Y_Ge3.opp
opponent_count1=6
opponent_refund1=8
unitsperspawn1=1
spawndelay1=4000
spawndelta1=1030
opponent_filename2=C_Y_Ge1.opp
opponent_count2=100
opponent_refund2=1
unitsperspawn2=1
spawndelay2=5000
spawndelta2=250

[wave5]
cashonstart=10
opponents=6
hint=
opponent_filename0=C_G_Gr2.opp
opponent_count0=6
opponent_refund0=2
unitsperspawn0=2
spawndelay0=4000
spawndelta0=1060
opponent_filename1=C_Y_Ge6.opp
opponent_count1=1
opponent_refund1=1
unitsperspawn1=1
spawndelay1=5000
spawndelta1=1030
opponent_filename2=C_B_B1.opp
opponent_count2=19
opponent_refund2=2
unitsperspawn2=14
spawndelay2=5000
spawndelta2=1420
opponent_filename3=C_G_Gr1.opp
opponent_count3=2
opponent_refund3=1
unitsperspawn3=1
spawndelay3=4000
spawndelta3=1030
opponent_filename4=C_R_R1.opp
opponent_count4=1
opponent_refund4=2
unitsperspawn4=1
spawndelay4=4000
spawndelta4=1030
opponent_filename5=C_Y_Ge2.opp
opponent_count5=2
opponent_refund5=1
unitsperspawn5=1
spawndelay5=3000
spawndelta5=1030

[wave6]
cashonstart=10
opponents=5
hint=
opponent_filename0=C_Y_Ge3.opp
opponent_count0=15
opponent_refund0=1
unitsperspawn0=1
spawndelay0=5000
spawndelta0=1030
opponent_filename1=C_G_Gr3.opp
opponent_count1=6
opponent_refund1=1
unitsperspawn1=1
spawndelay1=3000
spawndelta1=1030
opponent_filename2=C_B_B3.opp
opponent_count2=5
opponent_refund2=10
unitsperspawn2=1
spawndelay2=5000
spawndelta2=1030
opponent_filename3=C_Y_Ge2.opp
opponent_count3=3
opponent_refund3=1
unitsperspawn3=1
spawndelay3=3000
spawndelta3=1030
opponent_filename4=C_Y_Ge1.opp
opponent_count4=1
opponent_refund4=2
unitsperspawn4=1
spawndelay4=5000
spawndelta4=1030

[wave7]
cashonstart=10
opponents=2
hint=
opponent_filename0=C_G_Gr2.opp
opponent_count0=47
opponent_refund0=2
unitsperspawn0=1
spawndelay0=5000
spawndelta0=1030
opponent_filename1=C_Y_Ge1.opp
opponent_count1=4
opponent_refund1=1
unitsperspawn1=3
spawndelay1=3000
spawndelta1=1090

[wave8]
cashonstart=25
opponents=4
hint=
opponent_filename0=C_Y_Ge3.opp
opponent_count0=112
opponent_refund0=1
unitsperspawn0=10
spawndelay0=4000
spawndelta0=1570
opponent_filename1=C_G_Gr1.opp
opponent_count1=2
opponent_refund1=2
unitsperspawn1=1
spawndelay1=5000
spawndelta1=1030
opponent_filename2=C_Y_Ge2.opp
opponent_count2=1
opponent_refund2=1
unitsperspawn2=1
spawndelay2=4000
spawndelta2=1030
opponent_filename3=C_Y_Ge1.opp
opponent_count3=1
opponent_refund3=2
unitsperspawn3=1
spawndelay3=5000
spawndelta3=1030

[wave9]
cashonstart=0
opponents=4
hint=
opponent_filename0=C_R_R3.opp
opponent_count0=5
opponent_refund0=10
unitsperspawn0=1
spawndelay0=3000
spawndelta0=1030
opponent_filename1=C_Y_Ge1.opp
opponent_count1=47
opponent_refund1=2
unitsperspawn1=38
spawndelay1=3000
spawndelta1=2140
opponent_filename2=C_Y_Ge5.opp
opponent_count2=1
opponent_refund2=50
unitsperspawn2=1
spawndelay2=3000
spawndelta2=1030
opponent_filename3=C_Y_Ge3.opp
opponent_count3=1
opponent_refund3=2
unitsperspawn3=1
spawndelay3=4000
spawndelta3=1030

[wave10]
cashonstart=10
opponents=8
hint=
opponent_filename0=C_B_B1.opp
opponent_count0=27
opponent_refund0=1
unitsperspawn0=23
spawndelay0=5000
spawndelta0=1690
opponent_filename1=C_Y_Ge4.opp
opponent_count1=1
opponent_refund1=2
unitsperspawn1=1
spawndelay1=5000
spawndelta1=1030
opponent_filename2=C_G_Gr2.opp
opponent_count2=12
opponent_refund2=2
unitsperspawn2=1
spawndelay2=4000
spawndelta2=1030
opponent_filename3=C_G_Gr4.opp
opponent_count3=1
opponent_refund3=2
unitsperspawn3=1
spawndelay3=3000
spawndelta3=1030
opponent_filename4=C_R_R1.opp
opponent_count4=1
opponent_refund4=2
unitsperspawn4=1
spawndelay4=5000
spawndelta4=1030
opponent_filename5=C_B_B3.opp
opponent_count5=1
opponent_refund5=2
unitsperspawn5=1
spawndelay5=3000
spawndelta5=1030
opponent_filename6=C_G_Gr1.opp
opponent_count6=1
opponent_refund6=2
unitsperspawn6=1
spawndelay6=5000
spawndelta6=1030
opponent_filename7=C_Y_Ge1.opp
opponent_count7=1
opponent_refund7=2
unitsperspawn7=1
spawndelay7=3000
spawndelta7=1030

[wave11]
cashonstart=10
opponents=5
hint=
opponent_filename0=C_B_B5.opp
opponent_count0=3
opponent_refund0=30
unitsperspawn0=1
spawndelay0=3000
spawndelta0=1030
opponent_filename1=C_B_B2.opp
opponent_count1=11
opponent_refund1=2
unitsperspawn1=1
spawndelay1=4000
spawndelta1=1030
opponent_filename2=C_R_R3.opp
opponent_count2=1
opponent_refund2=40
unitsperspawn2=1
spawndelay2=5000
spawndelta2=1030
opponent_filename3=C_Y_Ge1.opp
opponent_count3=24
opponent_refund3=2
unitsperspawn3=16
spawndelay3=5000
spawndelta3=1480
opponent_filename4=C_R_R1.opp
opponent_count4=1
opponent_refund4=1
unitsperspawn4=1
spawndelay4=4000
spawndelta4=1030

[wave12]
cashonstart=0
opponents=4
hint=
opponent_filename0=C_G_Gr1.opp
opponent_count0=147
opponent_refund0=2
unitsperspawn0=4
spawndelay0=5000
spawndelta0=1120
opponent_filename1=C_Y_Ge2.opp
opponent_count1=27
opponent_refund1=1
unitsperspawn1=3
spawndelay1=3000
spawndelta1=1090
opponent_filename2=C_B_B1.opp
opponent_count2=9
opponent_refund2=1
unitsperspawn2=1
spawndelay2=5000
spawndelta2=1030
opponent_filename3=C_Y_Ge1.opp
opponent_count3=2
opponent_refund3=1
unitsperspawn3=1
spawndelay3=5000
spawndelta3=1030

[wave13]
cashonstart=10
opponents=6
hint=
opponent_filename0=C_Y_Ge3.opp
opponent_count0=43
opponent_refund0=2
unitsperspawn0=1
spawndelay0=5000
spawndelta0=1030
opponent_filename1=C_Y_Ge6.opp
opponent_count1=3
opponent_refund1=100
unitsperspawn1=1
spawndelay1=3000
spawndelta1=1030
opponent_filename2=C_B_B2.opp
opponent_count2=36
opponent_refund2=1
unitsperspawn2=6
spawndelay2=5000
spawndelta2=1180
opponent_filename3=C_G_Gr5.opp
opponent_count3=1
opponent_refund3=200
unitsperspawn3=1
spawndelay3=4000
spawndelta3=1030
opponent_filename4=C_R_R1.opp
opponent_count4=5
opponent_refund4=2
unitsperspawn4=1
spawndelay4=4000
spawndelta4=1030
opponent_filename5=C_Y_Ge1.opp
opponent_count5=150
opponent_refund5=2
unitsperspawn5=2
spawndelay5=4000
spawndelta5=500

[wave14]
cashonstart=0
opponents=6
hint=
opponent_filename0=C_Y_Ge5.opp
opponent_count0=22
opponent_refund0=10
unitsperspawn0=3
spawndelay0=4000
spawndelta0=1090
opponent_filename1=C_G_Gr1.opp
opponent_count1=73
opponent_refund1=1
unitsperspawn1=7
spawndelay1=3000
spawndelta1=1210
opponent_filename2=C_Y_Ge4.opp
opponent_count2=19
opponent_refund2=2
unitsperspawn2=1
spawndelay2=4000
spawndelta2=1030
opponent_filename3=C_R_R4.opp
opponent_count3=3
opponent_refund3=70
unitsperspawn3=1
spawndelay3=3000
spawndelta3=1030
opponent_filename4=C_B_B1.opp
opponent_count4=3
opponent_refund4=1
unitsperspawn4=1
spawndelay4=5000
spawndelta4=1030
opponent_filename5=C_Y_Ge1.opp
opponent_count5=32
opponent_refund5=2
unitsperspawn5=7
spawndelay5=5000
spawndelta5=1210

[wave15]
cashonstart=10
opponents=5
hint=
opponent_filename0=C_G_Gr4.opp
opponent_count0=34
opponent_refund0=80
unitsperspawn0=1
spawndelay0=3000
spawndelta0=1060
opponent_filename1=C_G_Gr1.opp
opponent_count1=90
opponent_refund1=1
unitsperspawn1=15
spawndelay1=5000
spawndelta1=1450
opponent_filename2=C_Y_Ge3.opp
opponent_count2=30
opponent_refund2=2
unitsperspawn2=4
spawndelay2=3000
spawndelta2=1120
opponent_filename3=C_Y_Ge1.opp
opponent_count3=22
opponent_refund3=2
unitsperspawn3=1
spawndelay3=4000
spawndelta3=1030
opponent_filename4=C_Y_Ge2.opp
opponent_count4=1
opponent_refund4=2
unitsperspawn4=1
spawndelay4=5000
spawndelta4=1030

[wave16]
cashonstart=0
opponents=7
hint=
opponent_filename0=C_G_Gr5.opp
opponent_count0=12
opponent_refund0=60
unitsperspawn0=1
spawndelay0=4000
spawndelta0=1030
opponent_filename1=C_B_B4.opp
opponent_count1=15
opponent_refund1=60
unitsperspawn1=2
spawndelay1=3000
spawndelta1=1270
opponent_filename2=C_Y_Ge4.opp
opponent_count2=63
opponent_refund2=10
unitsperspawn2=9
spawndelay2=5000
spawndelta2=1270
opponent_filename3=C_Y_Ge6.opp
opponent_count3=2
opponent_refund3=80
unitsperspawn3=1
spawndelay3=3000
spawndelta3=1030
opponent_filename4=C_B_B2.opp
opponent_count4=29
opponent_refund4=2
unitsperspawn4=1
spawndelay4=3000
spawndelta4=1030
opponent_filename5=C_R_R4.opp
opponent_count5=1
opponent_refund5=70
unitsperspawn5=1
spawndelay5=5000
spawndelta5=1030
opponent_filename6=C_Y_Ge1.opp
opponent_count6=3
opponent_refund6=2
unitsperspawn6=1
spawndelay6=4000
spawndelta6=1030

[wave17]
cashonstart=10
opponents=8
hint=
opponent_filename0=C_Y_Ge3.opp
opponent_count0=211
opponent_refund0=1
unitsperspawn0=58
spawndelay0=4000
spawndelta0=2740
opponent_filename1=C_R_R4.opp
opponent_count1=15
opponent_refund1=100
unitsperspawn1=1
spawndelay1=5000
spawndelta1=4030
opponent_filename2=C_G_Gr3.opp
opponent_count2=54
opponent_refund2=2
unitsperspawn2=11
spawndelay2=3000
spawndelta2=1330
opponent_filename3=C_G_Gr4.opp
opponent_count3=2
opponent_refund3=10
unitsperspawn3=1
spawndelay3=3000
spawndelta3=1030
opponent_filename4=C_R_R2.opp
opponent_count4=3
opponent_refund4=2
unitsperspawn4=1
spawndelay4=4000
spawndelta4=1030
opponent_filename5=C_G_Gr1.opp
opponent_count5=5
opponent_refund5=2
unitsperspawn5=3
spawndelay5=4000
spawndelta5=1090
opponent_filename6=C_Y_Ge1.opp
opponent_count6=2
opponent_refund6=1
unitsperspawn6=1
spawndelay6=5000
spawndelta6=1030
opponent_filename7=C_Y_Ge2.opp
opponent_count7=1
opponent_refund7=1
unitsperspawn7=1
spawndelay7=4000
spawndelta7=1030

[wave18]
cashonstart=10
opponents=9
hint=
opponent_filename0=C_Y_Ge3.opp
opponent_count0=13
opponent_refund0=1
unitsperspawn0=1
spawndelay0=3000
spawndelta0=1030
opponent_filename1=C_R_R1.opp
opponent_count1=465
opponent_refund1=2
unitsperspawn1=5
spawndelay1=4000
spawndelta1=1150
opponent_filename2=C_G_Gr4.opp
opponent_count2=8
opponent_refund2=20
unitsperspawn2=3
spawndelay2=5000
spawndelta2=1090
opponent_filename3=C_G_Gr5.opp
opponent_count3=2
opponent_refund3=20
unitsperspawn3=1
spawndelay3=3000
spawndelta3=1030
opponent_filename4=C_B_B1.opp
opponent_count4=418
opponent_refund4=1
unitsperspawn4=225
spawndelay4=3000
spawndelta4=7750
opponent_filename5=C_Y_Ge4.opp
opponent_count5=14
opponent_refund5=1
unitsperspawn5=1
spawndelay5=4000
spawndelta5=1030
opponent_filename6=C_B_B4.opp
opponent_count6=6
opponent_refund6=20
unitsperspawn6=1
spawndelay6=5000
spawndelta6=1030
opponent_filename7=C_G_Gr4.opp
opponent_count7=1
opponent_refund7=10
unitsperspawn7=1
spawndelay7=5000
spawndelta7=1030
opponent_filename8=C_Y_Ge1.opp
opponent_count8=3
opponent_refund8=2
unitsperspawn8=1
spawndelay8=5000
spawndelta8=1030

[wave19]
cashonstart=0
opponents=6
hint=
opponent_filename0=C_Y_Ge1.opp
opponent_count0=3492
opponent_refund0=1
unitsperspawn0=25
spawndelay0=5000
spawndelta0=500
opponent_filename1=C_B_B3.opp
opponent_count1=182
opponent_refund1=2
unitsperspawn1=24
spawndelay1=3000
spawndelta1=1720
opponent_filename2=C_G_Gr1.opp
opponent_count2=100
opponent_refund2=2
unitsperspawn2=16
spawndelay2=5000
spawndelta2=1480
opponent_filename3=C_B_B2.opp
opponent_count3=50
opponent_refund3=2
unitsperspawn3=4
spawndelay3=3000
spawndelta3=1120
opponent_filename4=C_Y_Ge3.opp
opponent_count4=2
opponent_refund4=1
unitsperspawn4=1
spawndelay4=4000
spawndelta4=1030
opponent_filename5=C_B_B1.opp
opponent_count5=1000
opponent_refund5=2
unitsperspawn5=10
spawndelay5=4000
spawndelta5=750

[wave20]
cashonstart=10
opponents=5
hint=
opponent_filename0=C_B_B6.opp
opponent_count0=50
opponent_refund0=2
unitsperspawn0=1
spawndelay0=4000
spawndelta0=1030
opponent_filename1=C_G_Gr4.opp
opponent_count1=31
opponent_refund1=1
unitsperspawn1=2
spawndelay1=5000
spawndelta1=1060
opponent_filename2=C_Y_Ge1.opp
opponent_count2=9
opponent_refund2=2
unitsperspawn2=2
spawndelay2=3000
spawndelta2=1060
opponent_filename3=C_R_R3.opp
opponent_count3=1
opponent_refund3=1
unitsperspawn3=1
spawndelay3=3000
spawndelta3=1030
opponent_filename4=C_G_Gr1.opp
opponent_count4=4
opponent_refund4=1
unitsperspawn4=1
spawndelay4=4000
spawndelta4=1030

[wave21]
cashonstart=10
opponents=6
hint=
opponent_filename0=C_G_Gr4.opp
opponent_count0=265
opponent_refund0=2
unitsperspawn0=41
spawndelay0=3000
spawndelta0=2230
opponent_filename1=C_Y_Ge6.opp
opponent_count1=59
opponent_refund1=1
unitsperspawn1=6
spawndelay1=3000
spawndelta1=1180
opponent_filename2=C_R_R5.opp
opponent_count2=1
opponent_refund2=1
unitsperspawn2=1
spawndelay2=4000
spawndelta2=1030
opponent_filename3=C_Y_Ge1.opp
opponent_count3=110
opponent_refund3=10
unitsperspawn3=4
spawndelay3=4000
spawndelta3=1120
opponent_filename4=C_B_B2.opp
opponent_count4=9
opponent_refund4=2
unitsperspawn4=1
spawndelay4=4000
spawndelta4=1030
opponent_filename5=C_B_B1.opp
opponent_count5=3
opponent_refund5=2
unitsperspawn5=1
spawndelay5=3000
spawndelta5=1030

[wave22]
cashonstart=0
opponents=6
hint=
opponent_filename0=C_B_B2.opp
opponent_count0=2484
opponent_refund0=10
unitsperspawn0=100
spawndelay0=12000
spawndelta0=5000
opponent_filename1=C_R_R6.opp
opponent_count1=10
opponent_refund1=100
unitsperspawn1=1
spawndelay1=4000
spawndelta1=2030
opponent_filename2=C_B_B3.opp
opponent_count2=32
opponent_refund2=10
unitsperspawn2=6
spawndelay2=3000
spawndelta2=1180
opponent_filename3=C_G_Gr1.opp
opponent_count3=27
opponent_refund3=10
unitsperspawn3=6
spawndelay3=3000
spawndelta3=1180
opponent_filename4=C_Y_Ge2.opp
opponent_count4=16
opponent_refund4=2
unitsperspawn4=11
spawndelay4=3000
spawndelta4=1330
opponent_filename5=C_Y_Ge1.opp
opponent_count5=1
opponent_refund5=2
unitsperspawn5=1
spawndelay5=5000
spawndelta5=1030

[wave23]
cashonstart=0
opponents=10
hint=
opponent_filename0=C_R_R3.opp
opponent_count0=679
opponent_refund0=20
unitsperspawn0=10
spawndelay0=5000
spawndelta0=2060
opponent_filename1=C_R_R2.opp
opponent_count1=438
opponent_refund1=1
unitsperspawn1=118
spawndelay1=4000
spawndelta1=4540
opponent_filename2=C_R_R5.opp
opponent_count2=4
opponent_refund2=2
unitsperspawn2=1
spawndelay2=3000
spawndelta2=1030
opponent_filename3=C_G_Gr4.opp
opponent_count3=10
opponent_refund3=2
unitsperspawn3=1
spawndelay3=3000
spawndelta3=1030
opponent_filename4=C_G_Gr6.opp
opponent_count4=3
opponent_refund4=1
unitsperspawn4=1
spawndelay4=4000
spawndelta4=1030
opponent_filename5=C_B_B2.opp
opponent_count5=120
opponent_refund5=1
unitsperspawn5=8
spawndelay5=5000
spawndelta5=1240
opponent_filename6=C_B_B3.opp
opponent_count6=2
opponent_refund6=2
unitsperspawn6=1
spawndelay6=5000
spawndelta6=1030
opponent_filename7=C_Y_Ge5.opp
opponent_count7=1
opponent_refund7=2
unitsperspawn7=1
spawndelay7=5000
spawndelta7=1030
opponent_filename8=C_G_Gr1.opp
opponent_count8=18
opponent_refund8=2
unitsperspawn8=2
spawndelay8=4000
spawndelta8=1060
opponent_filename9=C_Y_Ge1.opp
opponent_count9=1
opponent_refund9=1
unitsperspawn9=1
spawndelay9=5000
spawndelta9=1030

[wave24]
cashonstart=0
opponents=4
hint=1000each, can you beat this ?
opponent_filename0=C_Y_Ge2.opp
opponent_count0=1000
opponent_refund0=100
unitsperspawn0=10
spawndelay0=2500
spawndelta0=250
opponent_filename1=C_G_Gr1.opp
opponent_count1=1000
opponent_refund1=100
unitsperspawn1=10
spawndelay1=2500
spawndelta1=250
opponent_filename2=C_R_R1.opp
opponent_count2=1000
opponent_refund2=100
unitsperspawn2=10
spawndelay2=2500
spawndelta2=250
opponent_filename3=C_B_B1.opp
opponent_count3=1000
opponent_refund3=100
unitsperspawn3=10
spawndelay3=2500
spawndelta3=250

[HighScore]
PlayerCats=0
Hash=0

[Rating]
Count=0
Sum=0
