[map]
size=32x32
description=20 Waves
background=Pfad_1.png
dc1=dc1.png
dc2=dc2.png
dc3=dc3.png
dc4=dc4.png
maxplayer=2
lives0=25
lives1=10
lives2=1
type=1
waves=20

[data]
row0=22222222222111122222222222222222
row1=22222222222111222222222222222222
row2=22222222222211112222222222222222
row3=22222222222221111112222222222222
row4=22222222222222211111222222222222
row5=22222222222222222111222222222222
row6=22222222222221111111222222222222
row7=22222222222211111112222222222222
row8=22222222222111222222222222222222
row9=22222222222111222222222222222222
row10=22222222222211111112222222222222
row11=22222222222221111111222222222222
row12=22222222222222222211122222222222
row13=22222222222222221111122222222222
row14=22222222222221111111222222222222
row15=22222222222221111222222222222222
row16=22222222222221112222222222222222
row17=22222222222221111112222222222222
row18=22222222222222211111222222222222
row19=22222222222222222211222222222222
row20=22222222222222222211222222222222
row21=22222222222222111111222222222222
row22=22222222222221111122222222222222
row23=22222222222221122222222222222222
row24=22222222222221122222222222222222
row25=22222222222221111122222222222222
row26=22222222222222111111222222222222
row27=22222222222222222111122222222222
row28=22222222222222222221112222222222
row29=22222222222222222221112222222222
row30=22222222222222222111112222222222
row31=22222222222222211111122222222222

[waypoint0]
count=2
pos0=12x0
pos1=16x31

[waypoint1]
count=2
pos0=16x31
pos1=12x0

[placements]
count=0

[buyables]
count=5
filename0=Co_Y_Stich.geb
count0=0
wave0=0
kind0=building
filename1=Co_G_Cannon.geb
count1=0
wave1=1
kind1=building
filename2=Co_R_Magic.geb
count2=0
wave2=2
kind2=building
filename3=Co_B_Tesla.geb
count3=0
wave3=3
kind3=building
filename4=Co_YGRB_Statue.geb
count4=0
wave4=4
kind4=building

[wave0]
cashonstart=100
opponents=1
hint=
opponent_filename0=Co_Y_Ge2.opp
opponent_count0=10
opponent_refund0=5
unitsperspawn0=1
spawndelay0=7500
spawndelta0=1000

[wave1]
cashonstart=10
opponents=2
hint=
opponent_filename0=Co_G_spider.opp
opponent_count0=10
opponent_refund0=5
unitsperspawn0=1
spawndelay0=7500
spawndelta0=1030
opponent_filename1=Co_Y_Knight4.opp
opponent_count1=5
opponent_refund1=10
unitsperspawn1=1
spawndelay1=10000
spawndelta1=1030

[wave2]
cashonstart=0
opponents=1
hint=
opponent_filename0=Co_R_dwarf.opp
opponent_count0=10
opponent_refund0=5
unitsperspawn0=1
spawndelay0=7500
spawndelta0=1000

[wave3]
cashonstart=10
opponents=4
hint=
opponent_filename0=Co_B_syrene.opp
opponent_count0=10
opponent_refund0=2
unitsperspawn0=1
spawndelay0=4000
spawndelta0=1120
opponent_filename1=Co_R_dwarf.opp
opponent_count1=2
opponent_refund1=1
unitsperspawn1=1
spawndelay1=3000
spawndelta1=1030
opponent_filename2=Co_Y_Knight2.opp
opponent_count2=1
opponent_refund2=1
unitsperspawn2=1
spawndelay2=4000
spawndelta2=1030
opponent_filename3=Co_Y_Knight4.opp
opponent_count3=1
opponent_refund3=2
unitsperspawn3=1
spawndelay3=4000
spawndelta3=1030

[wave4]
cashonstart=10
opponents=4
hint=
opponent_filename0=Co_B_Eye.opp
opponent_count0=1
opponent_refund0=2
unitsperspawn0=1
spawndelay0=7000
spawndelta0=1030
opponent_filename1=Co_B_syrene.opp
opponent_count1=4
opponent_refund1=2
unitsperspawn1=1
spawndelay1=3000
spawndelta1=1030
opponent_filename2=Co_R_PigWizzard.opp
opponent_count2=1
opponent_refund2=5
unitsperspawn2=1
spawndelay2=3000
spawndelta2=1030
opponent_filename3=Co_Y_Knight4.opp
opponent_count3=1
opponent_refund3=5
unitsperspawn3=1
spawndelay3=4000
spawndelta3=1030

[wave5]
cashonstart=10
opponents=3
hint=
opponent_filename0=Co_B_syrene.opp
opponent_count0=22
opponent_refund0=4
unitsperspawn0=1
spawndelay0=4000
spawndelta0=1030
opponent_filename1=Co_G_Slimy.opp
opponent_count1=2
opponent_refund1=5
unitsperspawn1=1
spawndelay1=4000
spawndelta1=1030
opponent_filename2=Co_G_spider.opp
opponent_count2=10
opponent_refund2=5
unitsperspawn2=1
spawndelay2=4000
spawndelta2=1030

[wave6]
cashonstart=10
opponents=3
hint=
opponent_filename0=Co_G_spider.opp
opponent_count0=16
opponent_refund0=4
unitsperspawn0=1
spawndelay0=5000
spawndelta0=1030
opponent_filename1=Co_Y_Ge2.opp
opponent_count1=41
opponent_refund1=4
unitsperspawn1=4
spawndelay1=4000
spawndelta1=1120
opponent_filename2=Co_R_dwarf.opp
opponent_count2=10
opponent_refund2=5
unitsperspawn2=1
spawndelay2=3000
spawndelta2=1030

[wave7]
cashonstart=10
opponents=4
hint=
opponent_filename0=Co_B_FlyRobot.opp
opponent_count0=3
opponent_refund0=2
unitsperspawn0=1
spawndelay0=5000
spawndelta0=1030
opponent_filename1=Co_G_spider.opp
opponent_count1=22
opponent_refund1=2
unitsperspawn1=3
spawndelay1=3000
spawndelta1=1090
opponent_filename2=Co_G_Slimy.opp
opponent_count2=26
opponent_refund2=1
unitsperspawn2=1
spawndelay2=4000
spawndelta2=1120
opponent_filename3=Co_Y_Knight4.opp
opponent_count3=4
opponent_refund3=1
unitsperspawn3=1
spawndelay3=5000
spawndelta3=1030

[wave8]
cashonstart=0
opponents=5
hint=
opponent_filename0=Co_Y_Ge2.opp
opponent_count0=10
opponent_refund0=3
unitsperspawn0=1
spawndelay0=5000
spawndelta0=1030
opponent_filename1=Co_R_dwarf.opp
opponent_count1=10
opponent_refund1=4
unitsperspawn1=1
spawndelay1=6000
spawndelta1=1060
opponent_filename2=Co_Y_Ge2.opp
opponent_count2=9
opponent_refund2=10
unitsperspawn2=1
spawndelay2=4000
spawndelta2=1030
opponent_filename3=Co_B_syrene.opp
opponent_count3=35
opponent_refund3=1
unitsperspawn3=3
spawndelay3=4000
spawndelta3=1270
opponent_filename4=Co_R_PigWizzard2.opp
opponent_count4=1
opponent_refund4=20
unitsperspawn4=1
spawndelay4=3000
spawndelta4=1030

[wave9]
cashonstart=10
opponents=6
hint=
opponent_filename0=Co_B_Plane.opp
opponent_count0=1
opponent_refund0=100
unitsperspawn0=1
spawndelay0=5000
spawndelta0=1030
opponent_filename1=Co_Y_Ge2.opp
opponent_count1=51
opponent_refund1=4
unitsperspawn1=1
spawndelay1=4000
spawndelta1=1030
opponent_filename2=Co_R_dwarf.opp
opponent_count2=4
opponent_refund2=10
unitsperspawn2=1
spawndelay2=5000
spawndelta2=1030
opponent_filename3=Co_R_PigWizzard.opp
opponent_count3=1
opponent_refund3=20
unitsperspawn3=1
spawndelay3=4000
spawndelta3=1030
opponent_filename4=Co_R_dwarf.opp
opponent_count4=1
opponent_refund4=10
unitsperspawn4=1
spawndelay4=4000
spawndelta4=1030
opponent_filename5=Co_Y_Ge2.opp
opponent_count5=1
opponent_refund5=10
unitsperspawn5=1
spawndelay5=4000
spawndelta5=1030

[wave10]
cashonstart=0
opponents=7
hint=
opponent_filename0=Co_Y_Ge2.opp
opponent_count0=39
opponent_refund0=4
unitsperspawn0=2
spawndelay0=5000
spawndelta0=1060
opponent_filename1=Co_B_Plane.opp
opponent_count1=3
opponent_refund1=50
unitsperspawn1=1
spawndelay1=4000
spawndelta1=4000
opponent_filename2=Co_G_Slimy.opp
opponent_count2=4
opponent_refund2=10
unitsperspawn2=1
spawndelay2=4000
spawndelta2=1030
opponent_filename3=Co_R_PigWizzard.opp
opponent_count3=2
opponent_refund3=10
unitsperspawn3=1
spawndelay3=5000
spawndelta3=1030
opponent_filename4=Co_R_PigWizzard2.opp
opponent_count4=1
opponent_refund4=10
unitsperspawn4=1
spawndelay4=5000
spawndelta4=1030
opponent_filename5=Co_B_Eye.opp
opponent_count5=1
opponent_refund5=20
unitsperspawn5=1
spawndelay5=3000
spawndelta5=1030
opponent_filename6=Co_B_syrene.opp
opponent_count6=1
opponent_refund6=10
unitsperspawn6=1
spawndelay6=4000
spawndelta6=1030

[wave11]
cashonstart=10
opponents=3
hint=
opponent_filename0=Co_Y_Ge2.opp
opponent_count0=75
opponent_refund0=1
unitsperspawn0=3
spawndelay0=3000
spawndelta0=1090
opponent_filename1=Co_B_Eye.opp
opponent_count1=38
opponent_refund1=1
unitsperspawn1=2
spawndelay1=3000
spawndelta1=1330
opponent_filename2=Co_R_dwarf.opp
opponent_count2=15
opponent_refund2=2
unitsperspawn2=1
spawndelay2=5000
spawndelta2=1030

[wave12]
cashonstart=0
opponents=2
hint=
opponent_filename0=Co_G_spider.opp
opponent_count0=49
opponent_refund0=10
unitsperspawn0=3
spawndelay0=3000
spawndelta0=1090
opponent_filename1=Co_Y_Ge2.opp
opponent_count1=104
opponent_refund1=10
unitsperspawn1=15
spawndelay1=5000
spawndelta1=2080

[wave13]
cashonstart=10
opponents=2
hint=
opponent_filename0=Co_G_spider.opp
opponent_count0=175
opponent_refund0=5
unitsperspawn0=25
spawndelay0=4000
spawndelta0=5710
opponent_filename1=Co_Y_Ge2.opp
opponent_count1=3
opponent_refund1=1
unitsperspawn1=1
spawndelay1=5000
spawndelta1=1030

[wave14]
cashonstart=10
opponents=3
hint=
opponent_filename0=Co_B_syrene.opp
opponent_count0=100
opponent_refund0=2
unitsperspawn0=5
spawndelay0=5000
spawndelta0=1690
opponent_filename1=Co_G_spider.opp
opponent_count1=36
opponent_refund1=10
unitsperspawn1=1
spawndelay1=5000
spawndelta1=1030
opponent_filename2=Co_R_dwarf.opp
opponent_count2=36
opponent_refund2=5
unitsperspawn2=4
spawndelay2=5000
spawndelta2=1120

[wave15]
cashonstart=0
opponents=3
hint=
opponent_filename0=Co_G_spider.opp
opponent_count0=188
opponent_refund0=2
unitsperspawn0=5
spawndelay0=5000
spawndelta0=1150
opponent_filename1=Co_Y_Ge2.opp
opponent_count1=48
opponent_refund1=2
unitsperspawn1=13
spawndelay1=3000
spawndelta1=1390
opponent_filename2=Co_G_nakedgreenLady.opp
opponent_count2=1
opponent_refund2=1
unitsperspawn2=1
spawndelay2=5000
spawndelta2=1030

[wave16]
cashonstart=10
opponents=3
hint=
opponent_filename0=Co_B_syrene.opp
opponent_count0=497
opponent_refund0=1
unitsperspawn0=15
spawndelay0=3000
spawndelta0=3910
opponent_filename1=Co_G_spider.opp
opponent_count1=1
opponent_refund1=2
unitsperspawn1=1
spawndelay1=5000
spawndelta1=1030
opponent_filename2=Co_R_dwarf.opp
opponent_count2=5
opponent_refund2=2
unitsperspawn2=1
spawndelay2=3000
spawndelta2=1030

[wave17]
cashonstart=10
opponents=2
hint=
opponent_filename0=Co_Y_Ge2.opp
opponent_count0=204
opponent_refund0=2
unitsperspawn0=30
spawndelay0=4000
spawndelta0=1900
opponent_filename1=Co_B_FlyRobot.opp
opponent_count1=40
opponent_refund1=2
unitsperspawn1=2
spawndelay1=4000
spawndelta1=1060

[wave18]
cashonstart=10
opponents=4
hint=
opponent_filename0=Co_R_PigWizzard2.opp
opponent_count0=97
opponent_refund0=10
unitsperspawn0=3
spawndelay0=3000
spawndelta0=1090
opponent_filename1=Co_Y_Ge2.opp
opponent_count1=172
opponent_refund1=10
unitsperspawn1=3
spawndelay1=4000
spawndelta1=1090
opponent_filename2=Co_Y_Knight2.opp
opponent_count2=4
opponent_refund2=50
unitsperspawn2=1
spawndelay2=5000
spawndelta2=1030
opponent_filename3=Co_B_syrene.opp
opponent_count3=100
opponent_refund3=2
unitsperspawn3=10
spawndelay3=4000
spawndelta3=2030

[wave19]
cashonstart=10
opponents=9
hint=Final round ;)
opponent_filename0=Co_G_Slimy.opp
opponent_count0=56
opponent_refund0=2
unitsperspawn0=4
spawndelay0=4000
spawndelta0=1120
opponent_filename1=Co_Y_Ge2.opp
opponent_count1=21
opponent_refund1=1
unitsperspawn1=1
spawndelay1=3000
spawndelta1=1030
opponent_filename2=Co_G_spider.opp
opponent_count2=89
opponent_refund2=1
unitsperspawn2=8
spawndelay2=4000
spawndelta2=2880
opponent_filename3=Co_B_FlyRobot.opp
opponent_count3=91
opponent_refund3=1
unitsperspawn3=5
spawndelay3=5000
spawndelta3=1150
opponent_filename4=Co_R_PigWizzard.opp
opponent_count4=8
opponent_refund4=2
unitsperspawn4=1
spawndelay4=4000
spawndelta4=1030
opponent_filename5=Co_R_PigWizzard2.opp
opponent_count5=21
opponent_refund5=1
unitsperspawn5=1
spawndelay5=4000
spawndelta5=1030
opponent_filename6=Co_Y_Knight2.opp
opponent_count6=2
opponent_refund6=1
unitsperspawn6=1
spawndelay6=5000
spawndelta6=1030
opponent_filename7=Co_R_dwarf.opp
opponent_count7=1
opponent_refund7=1
unitsperspawn7=1
spawndelay7=3000
spawndelta7=1030
opponent_filename8=Co_B_syrene.opp
opponent_count8=1
opponent_refund8=1
unitsperspawn8=1
spawndelay8=3000
spawndelta8=1030

[HighScore]
PlayerCats=0
Hash=0

[Rating]
Count=0
Sum=0
