[map]
size=22x14
description=
background=too long.jpg
dc1=dc1.png
dc2=dc2.png
dc3=dc3.png
dc4=dc4.png
maxplayer=2
lives0=10
lives1=5
lives2=2
type=0
waves=10

[data]
row0=1111112211111100111111
row1=1111112211111100111111
row2=1122112211001122112211
row3=1122112211001122112211
row4=1122112211221122112211
row5=1122112211221122112211
row6=1122112211221122112211
row7=1122112211221122112211
row8=1122112211001122111111
row9=1122112211001122111111
row10=1122111111221111111100
row11=1122111111221111111100
row12=5511111111111111111111
row13=5511111111111111111111

[waypoint0]
count=29
pos0=0x12
pos1=0x0
pos2=5x0
pos3=5x11
pos4=8x10
pos5=8x0
pos6=13x1
pos7=13x11
pos8=17x11
pos9=16x0
pos10=21x0
pos11=21x9
pos12=19x8
pos13=19x12
pos14=0x13
pos15=0x1
pos16=5x1
pos17=4x10
pos18=9x11
pos19=9x1
pos20=13x0
pos21=12x10
pos22=16x10
pos23=17x1
pos24=21x1
pos25=21x8
pos26=18x8
pos27=18x13
pos28=21x13

[waypoint1]
count=29
pos0=0x12
pos1=0x0
pos2=5x0
pos3=5x10
pos4=8x10
pos5=8x0
pos6=13x0
pos7=13x10
pos8=16x10
pos9=16x0
pos10=21x0
pos11=21x9
pos12=18x9
pos13=18x12
pos14=1x12
pos15=1x1
pos16=4x1
pos17=4x11
pos18=9x11
pos19=9x1
pos20=12x1
pos21=12x11
pos22=17x11
pos23=17x1
pos24=20x1
pos25=20x8
pos26=18x8
pos27=18x13
pos28=21x13

[placements]
count=0

[buyables]
count=4
filename0=M_1_Y1.geb
count0=0
wave0=0
kind0=building
filename1=M_2_G1.geb
count1=0
wave1=1
kind1=building
filename2=M_3_R1.geb
count2=0
wave2=2
kind2=building
filename3=M_4_B1.geb
count3=0
wave3=3
kind3=building

[wave0]
cashonstart=20
opponents=1
hint=Die Gegner laufen 2 runden
opponent_filename0=M_1_Y1.opp
opponent_count0=10
opponent_refund0=5
unitsperspawn0=1
spawndelay0=2500
spawndelta0=1000

[wave1]
cashonstart=30
opponents=1
hint=
opponent_filename0=M_2_G1.opp
opponent_count0=10
opponent_refund0=5
unitsperspawn0=1
spawndelay0=2500
spawndelta0=1000

[wave2]
cashonstart=40
opponents=1
hint=
opponent_filename0=M_3_R1.opp
opponent_count0=5
opponent_refund0=5
unitsperspawn0=1
spawndelay0=2500
spawndelta0=1000

[wave3]
cashonstart=40
opponents=1
hint=
opponent_filename0=M_4_B1.opp
opponent_count0=5
opponent_refund0=5
unitsperspawn0=1
spawndelay0=2500
spawndelta0=1000

[wave4]
cashonstart=50
opponents=4
hint=
opponent_filename0=M_4_B1.opp
opponent_count0=10
opponent_refund0=5
unitsperspawn0=1
spawndelay0=2500
spawndelta0=1000
opponent_filename1=M_2_G1.opp
opponent_count1=10
opponent_refund1=5
unitsperspawn1=1
spawndelay1=2500
spawndelta1=1000
opponent_filename2=M_3_R1.opp
opponent_count2=10
opponent_refund2=5
unitsperspawn2=1
spawndelay2=2500
spawndelta2=1000
opponent_filename3=M_1_Y1.opp
opponent_count3=10
opponent_refund3=5
unitsperspawn3=1
spawndelay3=2500
spawndelta3=1000

[wave5]
cashonstart=50
opponents=4
hint=
opponent_filename0=M_4_B2.opp
opponent_count0=20
opponent_refund0=5
unitsperspawn0=1
spawndelay0=6500
spawndelta0=1000
opponent_filename1=M_2_G1.opp
opponent_count1=20
opponent_refund1=5
unitsperspawn1=1
spawndelay1=6500
spawndelta1=1000
opponent_filename2=M_3_R1.opp
opponent_count2=20
opponent_refund2=5
unitsperspawn2=1
spawndelay2=6500
spawndelta2=1000
opponent_filename3=M_1_Y2.opp
opponent_count3=20
opponent_refund3=5
unitsperspawn3=1
spawndelay3=6500
spawndelta3=1000

[wave6]
cashonstart=0
opponents=4
hint=
opponent_filename0=M_4_B2.opp
opponent_count0=20
opponent_refund0=5
unitsperspawn0=1
spawndelay0=6500
spawndelta0=1000
opponent_filename1=M_2_G2.opp
opponent_count1=15
opponent_refund1=5
unitsperspawn1=1
spawndelay1=6500
spawndelta1=1000
opponent_filename2=M_3_R2.opp
opponent_count2=10
opponent_refund2=5
unitsperspawn2=1
spawndelay2=6500
spawndelta2=1000
opponent_filename3=M_1_Y2.opp
opponent_count3=20
opponent_refund3=5
unitsperspawn3=1
spawndelay3=6500
spawndelta3=1000

[wave7]
cashonstart=0
opponents=4
hint=
opponent_filename0=M_4_B3.opp
opponent_count0=20
opponent_refund0=5
unitsperspawn0=1
spawndelay0=6500
spawndelta0=1000
opponent_filename1=M_2_G2.opp
opponent_count1=20
opponent_refund1=5
unitsperspawn1=1
spawndelay1=6500
spawndelta1=1000
opponent_filename2=M_3_R2.opp
opponent_count2=20
opponent_refund2=5
unitsperspawn2=1
spawndelay2=6500
spawndelta2=1000
opponent_filename3=M_1_Y3.opp
opponent_count3=20
opponent_refund3=5
unitsperspawn3=1
spawndelay3=6500
spawndelta3=1000

[wave8]
cashonstart=20
opponents=4
hint=
opponent_filename0=M_4_B4.opp
opponent_count0=10
opponent_refund0=5
unitsperspawn0=1
spawndelay0=6500
spawndelta0=1000
opponent_filename1=M_2_G3.opp
opponent_count1=10
opponent_refund1=5
unitsperspawn1=1
spawndelay1=6500
spawndelta1=1000
opponent_filename2=M_3_R3.opp
opponent_count2=10
opponent_refund2=5
unitsperspawn2=1
spawndelay2=6500
spawndelta2=1000
opponent_filename3=M_1_Y4.opp
opponent_count3=10
opponent_refund3=5
unitsperspawn3=1
spawndelay3=6500
spawndelta3=1000

[wave9]
cashonstart=100
opponents=4
hint=
opponent_filename0=M_1_Y5.opp
opponent_count0=10
opponent_refund0=10
unitsperspawn0=1
spawndelay0=6500
spawndelta0=1000
opponent_filename1=M_3_R4.opp
opponent_count1=10
opponent_refund1=10
unitsperspawn1=1
spawndelay1=6500
spawndelta1=1000
opponent_filename2=M_2_G4.opp
opponent_count2=10
opponent_refund2=10
unitsperspawn2=1
spawndelay2=6500
spawndelta2=1000
opponent_filename3=M_4_B4.opp
opponent_count3=10
opponent_refund3=10
unitsperspawn3=1
spawndelay3=6500
spawndelta3=1000

[HighScore]
PlayerCats=0
Hash=0

[Rating]
Count=0
Sum=0
